NOTE: chia_pipeline.eval_utils.score_corpus_relaxed not found -- reporting strict scores only. Re-run once the relaxed scorer lands in the shared repo (pip install --upgrade the chia-pipeline dependency).
Loading checkpoint from outputs/full_run/final on cuda...
Loading weights:   0%|          | 0/199 [00:00<?, ?it/s]Loading weights: 100%|██████████| 199/199 [00:00<00:00, 3643.51it/s]
Scoring val...
Scoring test...
Saved results to /home/palaktanwar/pmb/results.json
{
  "val": {
    "strict": {
      "overall": {
        "precision": 0.6489226869455006,
        "recall": 0.6905853790126787,
        "f1": 0.669106116048092,
        "support": 3707
      },
      "per_type": {
        "Condition": {
          "precision": 0.7529734675205856,
          "recall": 0.7883141762452107,
          "f1": 0.7702386523163314,
          "support": 1044
        },
        "Device": {
          "precision": 0.5135135135135135,
          "recall": 0.48717948717948717,
          "f1": 0.5,
          "support": 39
        },
        "Drug": {
          "precision": 0.7672413793103449,
          "recall": 0.8202764976958525,
          "f1": 0.7928730512249442,
          "support": 434
        },
        "Measurement": {
          "precision": 0.6759581881533101,
          "recall": 0.751937984496124,
          "f1": 0.7119266055045871,
          "support": 258
        },
        "Mood": {
          "precision": 0.3582089552238806,
          "recall": 0.3287671232876712,
          "f1": 0.34285714285714286,
          "support": 73
        },
        "Multiplier": {
          "precision": 0.4657534246575342,
          "recall": 0.4722222222222222,
          "f1": 0.4689655172413793,
          "support": 72
        },
        "Negation": {
          "precision": 0.5,
          "recall": 0.6052631578947368,
          "f1": 0.5476190476190477,
          "support": 76
        },
        "Observation": {
          "precision": 0.28346456692913385,
          "recall": 0.2727272727272727,
          "f1": 0.27799227799227805,
          "support": 132
        },
        "Person": {
          "precision": 0.8228571428571428,
          "recall": 0.8135593220338984,
          "f1": 0.8181818181818181,
          "support": 177
        },
        "Procedure": {
          "precision": 0.6066066066066066,
          "recall": 0.6601307189542484,
          "f1": 0.6322378716744914,
          "support": 306
        },
        "Qualifier": {
          "precision": 0.4519906323185012,
          "recall": 0.4910941475826972,
          "f1": 0.4707317073170732,
          "support": 393
        },
        "Reference_point": {
          "precision": 0.0,
          "recall": 0.0,
          "f1": 0.0,
          "support": 3
        },
        "Temporal": {
          "precision": 0.55,
          "recall": 0.6451612903225806,
          "f1": 0.5937921727395411,
          "support": 341
        },
        "Value": {
          "precision": 0.7298050139275766,
          "recall": 0.7572254335260116,
          "f1": 0.7432624113475177,
          "support": 346
        },
        "Visit": {
          "precision": 0.6363636363636364,
          "recall": 0.5384615384615384,
          "f1": 0.5833333333333334,
          "support": 13
        }
      }
    }
  },
  "test": {
    "strict": {
      "overall": {
        "precision": 0.6391834570519618,
        "recall": 0.6744055944055944,
        "f1": 0.6563223084252076,
        "support": 3575
      },
      "per_type": {
        "Condition": {
          "precision": 0.7439446366782007,
          "recall": 0.7671721677074042,
          "f1": 0.7553798858146684,
          "support": 1121
        },
        "Device": {
          "precision": 0.5757575757575758,
          "recall": 0.59375,
          "f1": 0.5846153846153846,
          "support": 32
        },
        "Drug": {
          "precision": 0.7573770491803279,
          "recall": 0.791095890410959,
          "f1": 0.7738693467336684,
          "support": 292
        },
        "Measurement": {
          "precision": 0.7006369426751592,
          "recall": 0.7096774193548387,
          "f1": 0.7051282051282051,
          "support": 310
        },
        "Mood": {
          "precision": 0.2,
          "recall": 0.3023255813953488,
          "f1": 0.24074074074074073,
          "support": 43
        },
        "Multiplier": {
          "precision": 0.3880597014925373,
          "recall": 0.4406779661016949,
          "f1": 0.41269841269841273,
          "support": 59
        },
        "Negation": {
          "precision": 0.6212121212121212,
          "recall": 0.6029411764705882,
          "f1": 0.6119402985074627,
          "support": 68
        },
        "Observation": {
          "precision": 0.24719101123595505,
          "recall": 0.19469026548672566,
          "f1": 0.21782178217821782,
          "support": 113
        },
        "Person": {
          "precision": 0.8439716312056738,
          "recall": 0.7828947368421053,
          "f1": 0.8122866894197952,
          "support": 152
        },
        "Procedure": {
          "precision": 0.5637393767705382,
          "recall": 0.6524590163934426,
          "f1": 0.6048632218844985,
          "support": 305
        },
        "Qualifier": {
          "precision": 0.4034653465346535,
          "recall": 0.46438746438746437,
          "f1": 0.4317880794701987,
          "support": 351
        },
        "Reference_point": {
          "precision": 0.0,
          "recall": 0.0,
          "f1": 0.0,
          "support": 7
        },
        "Temporal": {
          "precision": 0.5316804407713499,
          "recall": 0.603125,
          "f1": 0.5651537335285506,
          "support": 320
        },
        "Value": {
          "precision": 0.7437185929648241,
          "recall": 0.7708333333333334,
          "f1": 0.7570332480818414,
          "support": 384
        },
        "Visit": {
          "precision": 0.5294117647058824,
          "recall": 0.5,
          "f1": 0.5142857142857143,
          "support": 18
        }
      }
    }
  }
}
